DELETE FROM "t"
syntax error: DELETE ;
DELETE FROM "xxxxxxxxxxxxxxxxxxxxxxxxxxxxxxxxxxxxxxxxxxxxxxxxxxxxxxxxxxxxxxxxxxxxxxxxxxxxxxxxxxxxxxxxxxxxxxxxxxxxxxxxxxxxxxxxxxxxxxxxxxxxxxxxxxxxxxxxxxxxxxxxxxxxxxxxxxxxxxxxxxxxxxxxxxxxxx"
DELETE FROM "t" WHERE  ("x"=3 )
DELETE FROM "t" WHERE "x" IN ( SELECT * FROM "t1")
DELETE FROM "foo" WHERE  ("a"=1 ) RETURNING *
DELETE FROM "foo" WHERE  ("a"=1 ) RETURNING "a"
DELETE FROM "foo" WHERE  ("a"=1 ) RETURNING "a","b"
syntax error: DELETE FROM foo WHERE CURRENT OF $1
DELETE FROM "foo" WHERE CURRENT OF cur
