create extension pgq;
\set ECHO none
create extension pgq_coop from 'unpackaged';
drop extension pgq_coop;
create extension pgq_coop;
