0|1.0000000000|-1.0000000000|90|90|t|f|3|{8BUI,8BUI,8BUI}|{NULL,NULL,NULL}|{f,f,f}|POLYGON((0 0,90 0,90 -90,0 -90,0 0))
POLYGON((0 0,1 0,1 -1,0 -1,0 0))|255
POLYGON((89 -89,90 -89,90 -90,89 -90,89 -89))|0
POLYGON((44 -44,45 -44,45 -45,44 -45,44 -44))|0
