0|1.0000000000|-1.0000000000|10|10|t|f|3|{8BUI,8BUI,8BUI}|{NULL,NULL,NULL}|{f,f,f}|POLYGON((90 -80,90 -90,80 -90,70 -90,60 -90,50 -90,40 -90,30 -90,20 -90,10 -90,0 -90,0 -80,0 -70,0 -60,0 -50,0 -40,0 -30,0 -20,0 -10,0 0,10 0,20 0,30 0,40 0,50 0,60 0,70 0,80 0,90 0,90 -10,90 -20,90 -30,90 -40,90 -50,90 -60,90 -70,90 -80))
POLYGON((0 0,1 0,1 -1,0 -1,0 0))|255
POLYGON((0 -80,1 -80,1 -81,0 -81,0 -80))|255
POLYGON((80 -80,81 -80,81 -81,80 -81,80 -80))|255
