\set ECHO off
 upgrade_schema 
----------------
              0
(1 row)

 upgrade_schema 
----------------
              0
(1 row)

 upgrade_schema 
----------------
              0
(1 row)

