\set ECHO off
 upgrade_schema 
----------------
              4
(1 row)

