DELETE FROM "rel1" WHERE  ("c1"='2009-01-01 23:59:59.123456+09'::text::date )
PREPARE "q" ("date",timestamptz) AS DELETE FROM "rel1" WHERE  ( ("c1"=$1 ) AND  ("c3"=$2::text::date ))
EXECUTE "q" ("pg_catalog"."timestamptz"('2009-01-01 23:59:59.123456+09'::text))
