\set ECHO none
 upgrade_schema 
----------------
              0
(1 row)

 upgrade_schema 
----------------
              3
(1 row)

