0|1.0000000000|-1.0000000000|8|8|t|f|3|{8BUI,8BUI,8BUI}|{NULL,NULL,NULL}|{f,f,f}|t
POLYGON((88 0,89 0,89 -1,88 -1,88 0))|255
POLYGON((88 0,89 0,89 -1,88 -1,88 0))|255
POLYGON((0 -88,1 -88,1 -89,0 -89,0 -88))|255
POLYGON((88 -88,89 -88,89 -89,88 -89,88 -88))|255
